// Jest Snapshot v1, https://goo.gl/fbAQLP

exports[`should render an ExpenseListItem with input 1`] = `
<div>
  <Link
    replace={false}
    to="/edit/2"
  >
    <h3>
      rent
    </h3>
  </Link>
  <p>
    Amount: 
    $22.23
    , Created At: 
    December 28th, 1969
  </p>
</div>
`;
